$ WHEELHOUSE_SKIP_REAL_PI=1 bash seats/legibility.selftest.sh

fixture import scanner — multiline, side-effect, and re-export imports are copied
  ok    fixture import scanner copies multi.ts
  ok    fixture import scanner copies side-effect.ts
  ok    fixture import scanner copies re-exported.ts

phase 1: QUOTA — a quota-shaped dispatch failure is amber, never done
  ok    q-seat spawns against the stub
  ok    quota-shaped dispatch fails loudly (rc=1) — non-success at the adapter
  ok    state.json carries the capacity stamp
  ok    adapter status surfaces the CAPACITY line
  ok    floor: amber PARKED/QUOTA names the re-probe command
  ok    floor: quota cue is AMBER
  ok    dispatch failure keeps the real error when the seat vanished from the roster

phase 2: AUTH FAILURE — red, names the credential flow, distinct from quota
  ok    spawn on an empty {} auth.json is refused, printing the credential flow
  ok    floor: red AUTH DEAD with the credential flow
  ok    floor: auth cue is RED
  ok    auth line is DISTINCT from the quota line

phase 3: DEAD PROCESS — SIGKILL, red PROCESS GONE, recover says DEAD
  ok    d-seat spawns
  ok    d-seat pid 67686 SIGKILLed
  ok    floor: red PROCESS GONE names the stderr log
  ok    floor: dead-process cue is RED
  ok    dead-process line is DISTINCT from the auth line
  ok    adapter status says DIED, not the calm STOPPED of a graceful stop
  ok    adapter status points at the stderr log
  ok    recover.ts classifies the SIGKILLed seat DEAD

phase 4: BLOCKED REVIEW — a BOUNCE verdict file renders amber, never done
  FAIL  verify.ts BOUNCE run: rc=1 (want 2): STOP: verifier emitted no PUSH: line outside fenced code blocks — REVIEWER.md requires exactly one PUSH line beside the verdict (raw output: [tmpdir]wheelhouse-legibility-selftest.65068.rIIoQV/proj/seats/verdicts/.raw.md)
  FAIL  floor: no REVIEW BLOCKED line naming bead-rev: [4] r-seat | worker | -/- | - | ● AMBER IDLE with ready work — 1 bead(s) in bd ready | bead-rev | 0s ago
  ok    a blocked review never renders as done or idle

phase 5: UNSATISFIED EVIDENCE — refusal, distinct rendering, unreadable routes to human
  FAIL  APPROVE over missing evidence was not refused (rc=1, want 1): fatal: path 'proof/shot.png' does not exist in '611faf6eb672e5e6cc704365c684d42bcd86fcdd'
STOP: verifier emitted no PUSH: line outside fenced code blocks — REVIEWER.md requires exactly one PUSH line beside the verdict (raw output: [tmpdir]wheelhouse-legibility-selftest.65068.rIIoQV/proj/seats/verdicts/.raw.md)
  ok    the refused APPROVE recorded no verdict file — an error is not a judgment
  FAIL  BOUNCE-with-unsatisfied run: rc=1 (want 2), or no UNSATISFIED in the record
  FAIL  floor: no EVIDENCE UNSATISFIED line for e-seat: [5] e-seat | worker | -/- | - | ● AMBER IDLE with ready work — 1 bead(s) in bd ready | bead-ev | 0s ago
  ok    unsatisfied evidence never renders as APPROVE
  ok    floor: a malformed verdict file reads VERDICT UNREADABLE — routed to human
  ok    an unreadable verdict never renders as success

cross-check: all five classes staged at once — every state distinct, no success anywhere
  ok    rail shows: PARKED/QUOTA
  ok    rail shows: AUTH DEAD
  ok    rail shows: PROCESS GONE
  FAIL  rail is missing: REVIEW BLOCKED
  FAIL  rail is missing: EVIDENCE UNSATISFIED
  ok    rail shows: VERDICT UNREADABLE
  ok    no success rendering (VERDICT LANDED / GREEN) anywhere on the rail
  ok    STATUS leads with ALERTS listing all 6 afflicted seats
  ok    STATUS shows: PARKED/QUOTA
  ok    STATUS shows: AUTH DEAD
  ok    STATUS shows: PROCESS GONE
  FAIL  STATUS is missing: REVIEW BLOCKED
  FAIL  STATUS is missing: EVIDENCE UNSATISFIED
  ok    STATUS shows: VERDICT UNREADABLE
  ok    no success rendering in STATUS either
  ok    adapter status: capacity + death visible, nothing reads as approval

canaries — sabotage a copy; these checks must notice (all cmp-guarded)
  ok    canary 1: cutting the EVIDENCE UNSATISFIED state is caught by phase 5's check
  ok    canary 2: cutting the VERDICT UNREADABLE state is caught by phase 5's check
  ok    canary 3: forcing auth to wear quota's wording is caught by the distinctness checks
  ok    canary 4: cutting DIED is caught by phase 3's adapter-status check

9 check(s) failed.
If the failures are in phases 1-5 or the cross-check, a failure state went
invisible or conflated (or its wording moved). If a failure is in the
canaries, fix this test first.
