$ for i in $(seq 1 30); do COLUMNS=80 TMPDIR=$PWD/.wheelhouse-runs/wheelhouse-project-guca/tmp WHEELHOUSE_SKIP_REAL_PI=1 bash seats/cockpit.selftest.sh; done
--- run 1 ---
ok 1 - cockpit --herald starts only the herald without building or attaching tmux
ok 2 - cockpit --pane-commander starts commander-inbox-poll.sh bound to the pane
ok 3 - cockpit --herald exits under a stdout pipe and leaves a live herald pid
ok 4 - cockpit builds one bridge window with two panes on a private tmux socket
ok 5 - fresh cockpit session enables mouse and sets history-limit 50000
ok 6 - client-attached resize keeps commander pane near its ratio on a 152-column attach (commander=83 floor=68)
ok 7 - fixture floor pane killed for respawn check
ok 8 - re-running cockpit respawns a missing floor pane
ok 9 - cockpit re-run leaves mouse/history options idempotently set
ok 10 - WHEELHOUSE_COCKPIT_MOUSE=0 leaves mouse off while preserving history-limit
cockpit.selftest: PASS (10 checks)
--- run 2 ---
ok 1 - cockpit --herald starts only the herald without building or attaching tmux
ok 2 - cockpit --pane-commander starts commander-inbox-poll.sh bound to the pane
ok 3 - cockpit --herald exits under a stdout pipe and leaves a live herald pid
ok 4 - cockpit builds one bridge window with two panes on a private tmux socket
ok 5 - fresh cockpit session enables mouse and sets history-limit 50000
ok 6 - client-attached resize keeps commander pane near its ratio on a 152-column attach (commander=83 floor=68)
ok 7 - fixture floor pane killed for respawn check
ok 8 - re-running cockpit respawns a missing floor pane
ok 9 - cockpit re-run leaves mouse/history options idempotently set
ok 10 - WHEELHOUSE_COCKPIT_MOUSE=0 leaves mouse off while preserving history-limit
cockpit.selftest: PASS (10 checks)
--- run 3 ---
ok 1 - cockpit --herald starts only the herald without building or attaching tmux
ok 2 - cockpit --pane-commander starts commander-inbox-poll.sh bound to the pane
ok 3 - cockpit --herald exits under a stdout pipe and leaves a live herald pid
ok 4 - cockpit builds one bridge window with two panes on a private tmux socket
ok 5 - fresh cockpit session enables mouse and sets history-limit 50000
ok 6 - client-attached resize keeps commander pane near its ratio on a 152-column attach (commander=83 floor=68)
ok 7 - fixture floor pane killed for respawn check
ok 8 - re-running cockpit respawns a missing floor pane
ok 9 - cockpit re-run leaves mouse/history options idempotently set
ok 10 - WHEELHOUSE_COCKPIT_MOUSE=0 leaves mouse off while preserving history-limit
cockpit.selftest: PASS (10 checks)
--- run 4 ---
ok 1 - cockpit --herald starts only the herald without building or attaching tmux
ok 2 - cockpit --pane-commander starts commander-inbox-poll.sh bound to the pane
ok 3 - cockpit --herald exits under a stdout pipe and leaves a live herald pid
ok 4 - cockpit builds one bridge window with two panes on a private tmux socket
ok 5 - fresh cockpit session enables mouse and sets history-limit 50000
ok 6 - client-attached resize keeps commander pane near its ratio on a 152-column attach (commander=83 floor=68)
ok 7 - fixture floor pane killed for respawn check
ok 8 - re-running cockpit respawns a missing floor pane
ok 9 - cockpit re-run leaves mouse/history options idempotently set
ok 10 - WHEELHOUSE_COCKPIT_MOUSE=0 leaves mouse off while preserving history-limit
cockpit.selftest: PASS (10 checks)
--- run 5 ---
ok 1 - cockpit --herald starts only the herald without building or attaching tmux
ok 2 - cockpit --pane-commander starts commander-inbox-poll.sh bound to the pane
ok 3 - cockpit --herald exits under a stdout pipe and leaves a live herald pid
ok 4 - cockpit builds one bridge window with two panes on a private tmux socket
ok 5 - fresh cockpit session enables mouse and sets history-limit 50000
ok 6 - client-attached resize keeps commander pane near its ratio on a 152-column attach (commander=83 floor=68)
ok 7 - fixture floor pane killed for respawn check
ok 8 - re-running cockpit respawns a missing floor pane
ok 9 - cockpit re-run leaves mouse/history options idempotently set
ok 10 - WHEELHOUSE_COCKPIT_MOUSE=0 leaves mouse off while preserving history-limit
cockpit.selftest: PASS (10 checks)
--- run 6 ---
ok 1 - cockpit --herald starts only the herald without building or attaching tmux
ok 2 - cockpit --pane-commander starts commander-inbox-poll.sh bound to the pane
ok 3 - cockpit --herald exits under a stdout pipe and leaves a live herald pid
ok 4 - cockpit builds one bridge window with two panes on a private tmux socket
ok 5 - fresh cockpit session enables mouse and sets history-limit 50000
ok 6 - client-attached resize keeps commander pane near its ratio on a 152-column attach (commander=83 floor=68)
ok 7 - fixture floor pane killed for respawn check
ok 8 - re-running cockpit respawns a missing floor pane
ok 9 - cockpit re-run leaves mouse/history options idempotently set
ok 10 - WHEELHOUSE_COCKPIT_MOUSE=0 leaves mouse off while preserving history-limit
cockpit.selftest: PASS (10 checks)
--- run 7 ---
ok 1 - cockpit --herald starts only the herald without building or attaching tmux
ok 2 - cockpit --pane-commander starts commander-inbox-poll.sh bound to the pane
ok 3 - cockpit --herald exits under a stdout pipe and leaves a live herald pid
ok 4 - cockpit builds one bridge window with two panes on a private tmux socket
ok 5 - fresh cockpit session enables mouse and sets history-limit 50000
ok 6 - client-attached resize keeps commander pane near its ratio on a 152-column attach (commander=83 floor=68)
ok 7 - fixture floor pane killed for respawn check
ok 8 - re-running cockpit respawns a missing floor pane
ok 9 - cockpit re-run leaves mouse/history options idempotently set
ok 10 - WHEELHOUSE_COCKPIT_MOUSE=0 leaves mouse off while preserving history-limit
cockpit.selftest: PASS (10 checks)
--- run 8 ---
ok 1 - cockpit --herald starts only the herald without building or attaching tmux
ok 2 - cockpit --pane-commander starts commander-inbox-poll.sh bound to the pane
ok 3 - cockpit --herald exits under a stdout pipe and leaves a live herald pid
ok 4 - cockpit builds one bridge window with two panes on a private tmux socket
ok 5 - fresh cockpit session enables mouse and sets history-limit 50000
ok 6 - client-attached resize keeps commander pane near its ratio on a 152-column attach (commander=83 floor=68)
ok 7 - fixture floor pane killed for respawn check
ok 8 - re-running cockpit respawns a missing floor pane
ok 9 - cockpit re-run leaves mouse/history options idempotently set
ok 10 - WHEELHOUSE_COCKPIT_MOUSE=0 leaves mouse off while preserving history-limit
cockpit.selftest: PASS (10 checks)
--- run 9 ---
ok 1 - cockpit --herald starts only the herald without building or attaching tmux
ok 2 - cockpit --pane-commander starts commander-inbox-poll.sh bound to the pane
ok 3 - cockpit --herald exits under a stdout pipe and leaves a live herald pid
ok 4 - cockpit builds one bridge window with two panes on a private tmux socket
ok 5 - fresh cockpit session enables mouse and sets history-limit 50000
ok 6 - client-attached resize keeps commander pane near its ratio on a 152-column attach (commander=83 floor=68)
ok 7 - fixture floor pane killed for respawn check
ok 8 - re-running cockpit respawns a missing floor pane
ok 9 - cockpit re-run leaves mouse/history options idempotently set
ok 10 - WHEELHOUSE_COCKPIT_MOUSE=0 leaves mouse off while preserving history-limit
cockpit.selftest: PASS (10 checks)
--- run 10 ---
ok 1 - cockpit --herald starts only the herald without building or attaching tmux
ok 2 - cockpit --pane-commander starts commander-inbox-poll.sh bound to the pane
ok 3 - cockpit --herald exits under a stdout pipe and leaves a live herald pid
ok 4 - cockpit builds one bridge window with two panes on a private tmux socket
ok 5 - fresh cockpit session enables mouse and sets history-limit 50000
ok 6 - client-attached resize keeps commander pane near its ratio on a 152-column attach (commander=83 floor=68)
ok 7 - fixture floor pane killed for respawn check
ok 8 - re-running cockpit respawns a missing floor pane
ok 9 - cockpit re-run leaves mouse/history options idempotently set
ok 10 - WHEELHOUSE_COCKPIT_MOUSE=0 leaves mouse off while preserving history-limit
cockpit.selftest: PASS (10 checks)
--- run 11 ---
ok 1 - cockpit --herald starts only the herald without building or attaching tmux
ok 2 - cockpit --pane-commander starts commander-inbox-poll.sh bound to the pane
ok 3 - cockpit --herald exits under a stdout pipe and leaves a live herald pid
ok 4 - cockpit builds one bridge window with two panes on a private tmux socket
ok 5 - fresh cockpit session enables mouse and sets history-limit 50000
ok 6 - client-attached resize keeps commander pane near its ratio on a 152-column attach (commander=83 floor=68)
ok 7 - fixture floor pane killed for respawn check
ok 8 - re-running cockpit respawns a missing floor pane
ok 9 - cockpit re-run leaves mouse/history options idempotently set
ok 10 - WHEELHOUSE_COCKPIT_MOUSE=0 leaves mouse off while preserving history-limit
cockpit.selftest: PASS (10 checks)
--- run 12 ---
ok 1 - cockpit --herald starts only the herald without building or attaching tmux
ok 2 - cockpit --pane-commander starts commander-inbox-poll.sh bound to the pane
ok 3 - cockpit --herald exits under a stdout pipe and leaves a live herald pid
ok 4 - cockpit builds one bridge window with two panes on a private tmux socket
ok 5 - fresh cockpit session enables mouse and sets history-limit 50000
ok 6 - client-attached resize keeps commander pane near its ratio on a 152-column attach (commander=83 floor=68)
ok 7 - fixture floor pane killed for respawn check
ok 8 - re-running cockpit respawns a missing floor pane
ok 9 - cockpit re-run leaves mouse/history options idempotently set
ok 10 - WHEELHOUSE_COCKPIT_MOUSE=0 leaves mouse off while preserving history-limit
cockpit.selftest: PASS (10 checks)
--- run 13 ---
ok 1 - cockpit --herald starts only the herald without building or attaching tmux
ok 2 - cockpit --pane-commander starts commander-inbox-poll.sh bound to the pane
ok 3 - cockpit --herald exits under a stdout pipe and leaves a live herald pid
ok 4 - cockpit builds one bridge window with two panes on a private tmux socket
ok 5 - fresh cockpit session enables mouse and sets history-limit 50000
ok 6 - client-attached resize keeps commander pane near its ratio on a 152-column attach (commander=83 floor=68)
ok 7 - fixture floor pane killed for respawn check
ok 8 - re-running cockpit respawns a missing floor pane
ok 9 - cockpit re-run leaves mouse/history options idempotently set
ok 10 - WHEELHOUSE_COCKPIT_MOUSE=0 leaves mouse off while preserving history-limit
cockpit.selftest: PASS (10 checks)
--- run 14 ---
ok 1 - cockpit --herald starts only the herald without building or attaching tmux
ok 2 - cockpit --pane-commander starts commander-inbox-poll.sh bound to the pane
ok 3 - cockpit --herald exits under a stdout pipe and leaves a live herald pid
ok 4 - cockpit builds one bridge window with two panes on a private tmux socket
ok 5 - fresh cockpit session enables mouse and sets history-limit 50000
ok 6 - client-attached resize keeps commander pane near its ratio on a 152-column attach (commander=83 floor=68)
ok 7 - fixture floor pane killed for respawn check
ok 8 - re-running cockpit respawns a missing floor pane
ok 9 - cockpit re-run leaves mouse/history options idempotently set
ok 10 - WHEELHOUSE_COCKPIT_MOUSE=0 leaves mouse off while preserving history-limit
cockpit.selftest: PASS (10 checks)
--- run 15 ---
ok 1 - cockpit --herald starts only the herald without building or attaching tmux
ok 2 - cockpit --pane-commander starts commander-inbox-poll.sh bound to the pane
ok 3 - cockpit --herald exits under a stdout pipe and leaves a live herald pid
ok 4 - cockpit builds one bridge window with two panes on a private tmux socket
ok 5 - fresh cockpit session enables mouse and sets history-limit 50000
ok 6 - client-attached resize keeps commander pane near its ratio on a 152-column attach (commander=83 floor=68)
ok 7 - fixture floor pane killed for respawn check
ok 8 - re-running cockpit respawns a missing floor pane
ok 9 - cockpit re-run leaves mouse/history options idempotently set
ok 10 - WHEELHOUSE_COCKPIT_MOUSE=0 leaves mouse off while preserving history-limit
cockpit.selftest: PASS (10 checks)
--- run 16 ---
ok 1 - cockpit --herald starts only the herald without building or attaching tmux
ok 2 - cockpit --pane-commander starts commander-inbox-poll.sh bound to the pane
ok 3 - cockpit --herald exits under a stdout pipe and leaves a live herald pid
ok 4 - cockpit builds one bridge window with two panes on a private tmux socket
ok 5 - fresh cockpit session enables mouse and sets history-limit 50000
ok 6 - client-attached resize keeps commander pane near its ratio on a 152-column attach (commander=83 floor=68)
ok 7 - fixture floor pane killed for respawn check
ok 8 - re-running cockpit respawns a missing floor pane
ok 9 - cockpit re-run leaves mouse/history options idempotently set
ok 10 - WHEELHOUSE_COCKPIT_MOUSE=0 leaves mouse off while preserving history-limit
cockpit.selftest: PASS (10 checks)
--- run 17 ---
ok 1 - cockpit --herald starts only the herald without building or attaching tmux
ok 2 - cockpit --pane-commander starts commander-inbox-poll.sh bound to the pane
ok 3 - cockpit --herald exits under a stdout pipe and leaves a live herald pid
ok 4 - cockpit builds one bridge window with two panes on a private tmux socket
ok 5 - fresh cockpit session enables mouse and sets history-limit 50000
ok 6 - client-attached resize keeps commander pane near its ratio on a 152-column attach (commander=83 floor=68)
ok 7 - fixture floor pane killed for respawn check
ok 8 - re-running cockpit respawns a missing floor pane
ok 9 - cockpit re-run leaves mouse/history options idempotently set
ok 10 - WHEELHOUSE_COCKPIT_MOUSE=0 leaves mouse off while preserving history-limit
cockpit.selftest: PASS (10 checks)
--- run 18 ---
ok 1 - cockpit --herald starts only the herald without building or attaching tmux
ok 2 - cockpit --pane-commander starts commander-inbox-poll.sh bound to the pane
ok 3 - cockpit --herald exits under a stdout pipe and leaves a live herald pid
ok 4 - cockpit builds one bridge window with two panes on a private tmux socket
ok 5 - fresh cockpit session enables mouse and sets history-limit 50000
ok 6 - client-attached resize keeps commander pane near its ratio on a 152-column attach (commander=83 floor=68)
ok 7 - fixture floor pane killed for respawn check
ok 8 - re-running cockpit respawns a missing floor pane
ok 9 - cockpit re-run leaves mouse/history options idempotently set
ok 10 - WHEELHOUSE_COCKPIT_MOUSE=0 leaves mouse off while preserving history-limit
cockpit.selftest: PASS (10 checks)
--- run 19 ---
ok 1 - cockpit --herald starts only the herald without building or attaching tmux
ok 2 - cockpit --pane-commander starts commander-inbox-poll.sh bound to the pane
ok 3 - cockpit --herald exits under a stdout pipe and leaves a live herald pid
ok 4 - cockpit builds one bridge window with two panes on a private tmux socket
ok 5 - fresh cockpit session enables mouse and sets history-limit 50000
ok 6 - client-attached resize keeps commander pane near its ratio on a 152-column attach (commander=83 floor=68)
ok 7 - fixture floor pane killed for respawn check
ok 8 - re-running cockpit respawns a missing floor pane
ok 9 - cockpit re-run leaves mouse/history options idempotently set
ok 10 - WHEELHOUSE_COCKPIT_MOUSE=0 leaves mouse off while preserving history-limit
cockpit.selftest: PASS (10 checks)
--- run 20 ---
ok 1 - cockpit --herald starts only the herald without building or attaching tmux
ok 2 - cockpit --pane-commander starts commander-inbox-poll.sh bound to the pane
ok 3 - cockpit --herald exits under a stdout pipe and leaves a live herald pid
ok 4 - cockpit builds one bridge window with two panes on a private tmux socket
ok 5 - fresh cockpit session enables mouse and sets history-limit 50000
ok 6 - client-attached resize keeps commander pane near its ratio on a 152-column attach (commander=83 floor=68)
ok 7 - fixture floor pane killed for respawn check
ok 8 - re-running cockpit respawns a missing floor pane
ok 9 - cockpit re-run leaves mouse/history options idempotently set
ok 10 - WHEELHOUSE_COCKPIT_MOUSE=0 leaves mouse off while preserving history-limit
cockpit.selftest: PASS (10 checks)
--- run 21 ---
ok 1 - cockpit --herald starts only the herald without building or attaching tmux
ok 2 - cockpit --pane-commander starts commander-inbox-poll.sh bound to the pane
ok 3 - cockpit --herald exits under a stdout pipe and leaves a live herald pid
ok 4 - cockpit builds one bridge window with two panes on a private tmux socket
ok 5 - fresh cockpit session enables mouse and sets history-limit 50000
ok 6 - client-attached resize keeps commander pane near its ratio on a 152-column attach (commander=83 floor=68)
ok 7 - fixture floor pane killed for respawn check
ok 8 - re-running cockpit respawns a missing floor pane
ok 9 - cockpit re-run leaves mouse/history options idempotently set
ok 10 - WHEELHOUSE_COCKPIT_MOUSE=0 leaves mouse off while preserving history-limit
cockpit.selftest: PASS (10 checks)
--- run 22 ---
ok 1 - cockpit --herald starts only the herald without building or attaching tmux
ok 2 - cockpit --pane-commander starts commander-inbox-poll.sh bound to the pane
ok 3 - cockpit --herald exits under a stdout pipe and leaves a live herald pid
ok 4 - cockpit builds one bridge window with two panes on a private tmux socket
ok 5 - fresh cockpit session enables mouse and sets history-limit 50000
ok 6 - client-attached resize keeps commander pane near its ratio on a 152-column attach (commander=83 floor=68)
ok 7 - fixture floor pane killed for respawn check
ok 8 - re-running cockpit respawns a missing floor pane
ok 9 - cockpit re-run leaves mouse/history options idempotently set
ok 10 - WHEELHOUSE_COCKPIT_MOUSE=0 leaves mouse off while preserving history-limit
cockpit.selftest: PASS (10 checks)
--- run 23 ---
ok 1 - cockpit --herald starts only the herald without building or attaching tmux
ok 2 - cockpit --pane-commander starts commander-inbox-poll.sh bound to the pane
ok 3 - cockpit --herald exits under a stdout pipe and leaves a live herald pid
ok 4 - cockpit builds one bridge window with two panes on a private tmux socket
ok 5 - fresh cockpit session enables mouse and sets history-limit 50000
ok 6 - client-attached resize keeps commander pane near its ratio on a 152-column attach (commander=83 floor=68)
ok 7 - fixture floor pane killed for respawn check
ok 8 - re-running cockpit respawns a missing floor pane
ok 9 - cockpit re-run leaves mouse/history options idempotently set
ok 10 - WHEELHOUSE_COCKPIT_MOUSE=0 leaves mouse off while preserving history-limit
cockpit.selftest: PASS (10 checks)
--- run 24 ---
ok 1 - cockpit --herald starts only the herald without building or attaching tmux
ok 2 - cockpit --pane-commander starts commander-inbox-poll.sh bound to the pane
ok 3 - cockpit --herald exits under a stdout pipe and leaves a live herald pid
ok 4 - cockpit builds one bridge window with two panes on a private tmux socket
ok 5 - fresh cockpit session enables mouse and sets history-limit 50000
ok 6 - client-attached resize keeps commander pane near its ratio on a 152-column attach (commander=83 floor=68)
ok 7 - fixture floor pane killed for respawn check
ok 8 - re-running cockpit respawns a missing floor pane
ok 9 - cockpit re-run leaves mouse/history options idempotently set
ok 10 - WHEELHOUSE_COCKPIT_MOUSE=0 leaves mouse off while preserving history-limit
cockpit.selftest: PASS (10 checks)
--- run 25 ---
ok 1 - cockpit --herald starts only the herald without building or attaching tmux
ok 2 - cockpit --pane-commander starts commander-inbox-poll.sh bound to the pane
ok 3 - cockpit --herald exits under a stdout pipe and leaves a live herald pid
ok 4 - cockpit builds one bridge window with two panes on a private tmux socket
ok 5 - fresh cockpit session enables mouse and sets history-limit 50000
ok 6 - client-attached resize keeps commander pane near its ratio on a 152-column attach (commander=83 floor=68)
ok 7 - fixture floor pane killed for respawn check
ok 8 - re-running cockpit respawns a missing floor pane
ok 9 - cockpit re-run leaves mouse/history options idempotently set
ok 10 - WHEELHOUSE_COCKPIT_MOUSE=0 leaves mouse off while preserving history-limit
cockpit.selftest: PASS (10 checks)
--- run 26 ---
ok 1 - cockpit --herald starts only the herald without building or attaching tmux
ok 2 - cockpit --pane-commander starts commander-inbox-poll.sh bound to the pane
ok 3 - cockpit --herald exits under a stdout pipe and leaves a live herald pid
ok 4 - cockpit builds one bridge window with two panes on a private tmux socket
ok 5 - fresh cockpit session enables mouse and sets history-limit 50000
ok 6 - client-attached resize keeps commander pane near its ratio on a 152-column attach (commander=83 floor=68)
ok 7 - fixture floor pane killed for respawn check
ok 8 - re-running cockpit respawns a missing floor pane
ok 9 - cockpit re-run leaves mouse/history options idempotently set
ok 10 - WHEELHOUSE_COCKPIT_MOUSE=0 leaves mouse off while preserving history-limit
cockpit.selftest: PASS (10 checks)
--- run 27 ---
ok 1 - cockpit --herald starts only the herald without building or attaching tmux
ok 2 - cockpit --pane-commander starts commander-inbox-poll.sh bound to the pane
ok 3 - cockpit --herald exits under a stdout pipe and leaves a live herald pid
ok 4 - cockpit builds one bridge window with two panes on a private tmux socket
ok 5 - fresh cockpit session enables mouse and sets history-limit 50000
ok 6 - client-attached resize keeps commander pane near its ratio on a 152-column attach (commander=83 floor=68)
ok 7 - fixture floor pane killed for respawn check
ok 8 - re-running cockpit respawns a missing floor pane
ok 9 - cockpit re-run leaves mouse/history options idempotently set
ok 10 - WHEELHOUSE_COCKPIT_MOUSE=0 leaves mouse off while preserving history-limit
cockpit.selftest: PASS (10 checks)
--- run 28 ---
ok 1 - cockpit --herald starts only the herald without building or attaching tmux
ok 2 - cockpit --pane-commander starts commander-inbox-poll.sh bound to the pane
ok 3 - cockpit --herald exits under a stdout pipe and leaves a live herald pid
ok 4 - cockpit builds one bridge window with two panes on a private tmux socket
ok 5 - fresh cockpit session enables mouse and sets history-limit 50000
ok 6 - client-attached resize keeps commander pane near its ratio on a 152-column attach (commander=83 floor=68)
ok 7 - fixture floor pane killed for respawn check
ok 8 - re-running cockpit respawns a missing floor pane
ok 9 - cockpit re-run leaves mouse/history options idempotently set
ok 10 - WHEELHOUSE_COCKPIT_MOUSE=0 leaves mouse off while preserving history-limit
cockpit.selftest: PASS (10 checks)
--- run 29 ---
ok 1 - cockpit --herald starts only the herald without building or attaching tmux
ok 2 - cockpit --pane-commander starts commander-inbox-poll.sh bound to the pane
ok 3 - cockpit --herald exits under a stdout pipe and leaves a live herald pid
ok 4 - cockpit builds one bridge window with two panes on a private tmux socket
ok 5 - fresh cockpit session enables mouse and sets history-limit 50000
ok 6 - client-attached resize keeps commander pane near its ratio on a 152-column attach (commander=83 floor=68)
ok 7 - fixture floor pane killed for respawn check
ok 8 - re-running cockpit respawns a missing floor pane
ok 9 - cockpit re-run leaves mouse/history options idempotently set
ok 10 - WHEELHOUSE_COCKPIT_MOUSE=0 leaves mouse off while preserving history-limit
cockpit.selftest: PASS (10 checks)
--- run 30 ---
ok 1 - cockpit --herald starts only the herald without building or attaching tmux
ok 2 - cockpit --pane-commander starts commander-inbox-poll.sh bound to the pane
ok 3 - cockpit --herald exits under a stdout pipe and leaves a live herald pid
ok 4 - cockpit builds one bridge window with two panes on a private tmux socket
ok 5 - fresh cockpit session enables mouse and sets history-limit 50000
ok 6 - client-attached resize keeps commander pane near its ratio on a 152-column attach (commander=83 floor=68)
ok 7 - fixture floor pane killed for respawn check
ok 8 - re-running cockpit respawns a missing floor pane
ok 9 - cockpit re-run leaves mouse/history options idempotently set
ok 10 - WHEELHOUSE_COCKPIT_MOUSE=0 leaves mouse off while preserving history-limit
cockpit.selftest: PASS (10 checks)
