$ git status --short
?? .wheelhouse-runs/
?? evidence/wheelhouse-project-er5m.2/final-branch-tree.log
$ git symbolic-ref --short HEAD
fleet/wheelhouse-project-er5m.2
$ git rev-parse HEAD
bd051711dead2edea92f13a0f1b6753ab0d44f79
$ git rev-parse fleet/wheelhouse-project-er5m.2
bd051711dead2edea92f13a0f1b6753ab0d44f79
$ git diff --name-only main...HEAD
evidence/wheelhouse-project-er5m.2/adapter-selftest.log
evidence/wheelhouse-project-er5m.2/adapter-status-smoke.log
evidence/wheelhouse-project-er5m.2/concurrency-selftest.log
evidence/wheelhouse-project-er5m.2/evidence-scrub.log
evidence/wheelhouse-project-er5m.2/isolation-selftest.log
evidence/wheelhouse-project-er5m.2/legibility-selftest.log
evidence/wheelhouse-project-er5m.2/nonpi-adapter-spawn-stop.log
evidence/wheelhouse-project-er5m.2/nonpi-verify-stop.log
evidence/wheelhouse-project-er5m.2/nonpi-walk-stop.log
evidence/wheelhouse-project-er5m.2/parent-concurrency-selftest.log
evidence/wheelhouse-project-er5m.2/parent-legibility-selftest.log
evidence/wheelhouse-project-er5m.2/pid-ownership-selftest.log
evidence/wheelhouse-project-er5m.2/recover-selftest.log
evidence/wheelhouse-project-er5m.2/reset-selftest.log
evidence/wheelhouse-project-er5m.2/stop-all-selftest.log
evidence/wheelhouse-project-er5m.2/verify-selftest.log
evidence/wheelhouse-project-er5m.2/walk-out/image-budget.json
evidence/wheelhouse-project-er5m.2/walk-selftest.log
seats/README.md
seats/adapter.ts
seats/concurrency.selftest.sh
seats/isolation.selftest.sh
seats/recover.selftest.sh
seats/reset.selftest.sh
seats/seats.json.example
seats/stop-all.selftest.sh
seats/verify.ts
seats/walk.ts
